CPU info:
Architecture:          x86_64
CPU op-mode(s):        32-bit, 64-bit
Byte Order:            Little Endian
CPU(s):                1
On-line CPU(s) list:   0
Thread(s) per core:    1
Core(s) per socket:    1
Socket(s):             1
NUMA node(s):          1
Vendor ID:             GenuineIntel
CPU family:            6
Model:                 60
Model name:            Intel(R) Core(TM) i5-4460  CPU @ 3.20GHz
Stepping:              3
CPU MHz:               3192.620
BogoMIPS:              6385.24
Hypervisor vendor:     KVM
Virtualization type:   full
L1d cache:             32K
L1i cache:             32K
L2 cache:              256K
L3 cache:              6144K
NUMA node0 CPU(s):     0


Memory:
             total       used       free     shared    buffers     cached
Mem:       2054160    1976868      77292        216     166928    1429932
-/+ buffers/cache:     380008    1674152
Swap:      2064380          0    2064380


Storage:
Filesystem           1K-blocks     Used Available Use% Mounted on
/dev/mapper/VolGroup-lv_root
                      17971068 14079764   2971752  83% /
tmpfs                   961032        0    961032   0% /dev/shm
/dev/sda1               487652   166043    296009  36% /boot
/dev/sr0                 57196    57196         0 100% /mnt
